// Jest Snapshot v1, https://goo.gl/fbAQLP

exports[`should match snapshot 1`] = `
<DocumentFragment>
  <form
    class="NewBoxForm"
  >
    <label>
      Todo
      <input
        placeholder="Make a todo list"
        type="text"
        value=""
      />
    </label>
    <button
      type="submit"
    >
      Add
    </button>
  </form>
</DocumentFragment>
`;
